
Kamrul Islam@DESKTOP-5M2VNGU MINGW64 /f/Git Demo
$ touch index.py

Kamrul Islam@DESKTOP-5M2VNGU MINGW64 /f/Git Demo
$ git status
fatal: not a git repository (or any of the parent directories): .git

Kamrul Islam@DESKTOP-5M2VNGU MINGW64 /f/Git Demo
$ git init
Initialized empty Git repository in F:/Git Demo/.git/

Kamrul Islam@DESKTOP-5M2VNGU MINGW64 /f/Git Demo (master)
$ git status
On branch master

No commits yet

Untracked files:
  (use "git add <file>..." to include in what will be committed)
        index.py

nothing added to commit but untracked files present (use "git add" to track)

Kamrul Islam@DESKTOP-5M2VNGU MINGW64 /f/Git Demo (master)
$ git status
On branch master

No commits yet

Untracked files:
  (use "git add <file>..." to include in what will be committed)
        index.py

nothing added to commit but untracked files present (use "git add" to track)

Kamrul Islam@DESKTOP-5M2VNGU MINGW64 /f/Git Demo (master)
$ git add .

Kamrul Islam@DESKTOP-5M2VNGU MINGW64 /f/Git Demo (master)
$ git status
On branch master

No commits yet

Changes to be committed:
  (use "git rm --cached <file>..." to unstage)
        new file:   index.py


Kamrul Islam@DESKTOP-5M2VNGU MINGW64 /f/Git Demo (master)
$ git commit -m "This is sample python file"
[master (root-commit) 4bc6ba0] This is sample python file
 1 file changed, 1 insertion(+)
 create mode 100644 index.py

Kamrul Islam@DESKTOP-5M2VNGU MINGW64 /f/Git Demo (master)
$ git status
On branch master
Changes not staged for commit:
  (use "git add <file>..." to update what will be committed)
  (use "git restore <file>..." to discard changes in working directory)
        modified:   index.py

no changes added to commit (use "git add" and/or "git commit -a")

Kamrul Islam@DESKTOP-5M2VNGU MINGW64 /f/Git Demo (master)
$ git add .

Kamrul Islam@DESKTOP-5M2VNGU MINGW64 /f/Git Demo (master)
$ git commit -m "This is sample python file with a function"
[master d821046] This is sample python file with a function
 1 file changed, 3 insertions(+)

Kamrul Islam@DESKTOP-5M2VNGU MINGW64 /f/Git Demo (master)
$